
# ------------------------------------------------------------------------------
Execution of code_aster

# ------------------------------------------------------------------------------
Prepare environment in /tmp/run_aster_lqkkh38t

# ------------------------------------------------------------------------------
Command file #1 / 1

Content of the file to execute:
# coding=utf-8
# original filename
__file__ = r"/mnt/d/Gitprojects/Tuba_v4/notebooks/code_aster_results/bim_operating/study.comm"


# temporarly added for compatibility with code_aster legacy
from math import *

import code_aster
from code_aster.Commands import *
from code_aster import CA

DEBUT(PAR_LOT='NON');

# ----- Read mesh -----
MAIL0 = LIRE_MAILLAGE(FORMAT='ASTER',
                      UNITE=20);

MAIL = MAIL0;

# ----- Model definition -----
MODELE = AFFE_MODELE(
    MAILLAGE=MAIL,
    AFFE=(
        _F(
            GROUP_MA='AllPipes',
            PHENOMENE='MECANIQUE',
            MODELISATION='TUYAU_3M',
        ),
    ),
);

# ----- Material definitions -----
MAT_STEEL = DEFI_MATERIAU(
    ELAS=_F(
        E=2.000000E+11,
        NU=3.000000E-01,
        RHO=7.850000E+03,
        ALPHA=1.200000E-05,
    ),
);

# ----- Material assignment -----
CHMAT = AFFE_MATERIAU(
    MAILLAGE=MAIL,
    AFFE=(
        _F(
            TOUT='OUI',
            MATER=MAT_STEEL,
        ),
    ),
);

# ----- Cross-section properties -----
CARA = AFFE_CARA_ELEM(
    MODELE=MODELE,
    POUTRE=(
        _F(
            GROUP_MA='GF0AB739',
            SECTION='CERCLE',
            CARA=('R', 'EP'),
            VALE=(5.71500000E-02, 6.00000000E-03),
        ),
        _F(
            GROUP_MA='G8652C19',
            SECTION='CERCLE',
            CARA=('R', 'EP'),
            VALE=(5.71500000E-02, 6.00000000E-03),
        ),
        _F(
            GROUP_MA='G8652C19',
            SECTION='COUDE',
        ),
    ),
    ORIENTATION=(
        _F(
            GROUP_NO='G06D7539',
            CARA='GENE_TUYAU',
            VALE=(0.0, 0.0, 1.0),
        ),
    ),
);

# ----- Boundary conditions -----
BC_0 = AFFE_CHAR_MECA(
    MODELE=MODELE,
    DDL_IMPO=_F(
        GROUP_NO='GN_N0',
        BLOCAGE=('DEPLACEMENT', 'ROTATION'),
        WO=0.0,
    ),
);

BC_1 = AFFE_CHAR_MECA(
    MODELE=MODELE,
    DDL_IMPO=_F(
        GROUP_NO='GN_N3',
        BLOCAGE=('DEPLACEMENT', 'ROTATION'),
        WO=0.0,
    ),
);

# ----- Gravity -----
GRAVITY = AFFE_CHAR_MECA(
    MODELE=MODELE,
    PESANTEUR=_F(
        GRAVITE=9.81,
        DIRECTION=(0.0, -1.0, 0.0),
    ),
);

# ----- Internal pressure -----
PRESSURE = AFFE_CHAR_MECA(
    MODELE=MODELE,
    FORCE_TUYAU=_F(
        GROUP_MA='AllPipes',
        PRES=1.500000E+06,
    ),
);

# ----- Thermal expansion -----
T_FUNC = DEFI_CONSTANTE(VALE=1.0);

TEMP_FIELD = CREA_CHAMP(
    TYPE_CHAM='NOEU_TEMP_R',
    OPERATION='AFFE',
    MAILLAGE=MAIL,
    AFFE=_F(
        TOUT='OUI',
        NOM_CMP='TEMP',
        VALE=1.500000E+02,
    ),
);

CHMAT = AFFE_MATERIAU(
    MAILLAGE=MAIL,
    AFFE=(
        _F(
            TOUT='OUI',
            MATER=MAT_STEEL,
        ),
    ),
    AFFE_VARC=_F(
        TOUT='OUI',
        NOM_VARC='TEMP',
        CHAM_GD=TEMP_FIELD,
        VALE_REF=2.000000E+01,
    ),
);

# ----- Solve -----
RESU = MECA_STATIQUE(
    MODELE=MODELE,
    CHAM_MATER=CHMAT,
    CARA_ELEM=CARA,
    EXCIT=(
        _F(CHARGE=BC_0),
        _F(CHARGE=BC_1),
        _F(CHARGE=GRAVITY),
        _F(CHARGE=PRESSURE),
    ),
);

# ----- Derived fields -----
RESU = CALC_CHAMP(
    reuse=RESU,
    RESULTAT=RESU,
    CONTRAINTE=('EFGE_ELNO', 'SIEF_ELNO'),
    CRITERES=('SIEQ_ELNO',),
    FORCE='FORC_NODA',
);

# ----- Write MED results file -----
IMPR_RESU(
    FORMAT='MED',
    UNITE=80,
    RESU=_F(
        RESULTAT=RESU,
        NOM_CHAM=('DEPL', 'SIEQ_ELNO', 'EFGE_ELNO', 'FORC_NODA'),
    ),
);

# ----- Text table for EFGE_ELNO -----
TAB_EFFO = CREA_TABLE(
    RESU=_F(
        RESULTAT=RESU,
        NOM_CHAM='EFGE_ELNO',
        TOUT='OUI',
        NOM_CMP=('N', 'VY', 'VZ', 'MT', 'MFY', 'MFZ'),
    ),
);

IMPR_TABLE(
    TABLE=TAB_EFFO,
    UNITE=38,
    FORMAT='TABLEAU',
    SEPARATEUR=',',
);

# ----- Text table for DEPL -----
TAB_DEPL = CREA_TABLE(
    RESU=_F(
        RESULTAT=RESU,
        NOM_CHAM='DEPL',
        TOUT='OUI',
        NOM_CMP=('DX', 'DY', 'DZ', 'DRX', 'DRY', 'DRZ'),
    ),
);

IMPR_TABLE(
    TABLE=TAB_DEPL,
    UNITE=39,
    FORMAT='TABLEAU',
    SEPARATEUR=',',
);

# ----- Text table for FORC_NODA -----
TAB_REAC = CREA_TABLE(
    RESU=_F(
        RESULTAT=RESU,
        NOM_CHAM='FORC_NODA',
        TOUT='OUI',
        NOM_CMP=('DX', 'DY', 'DZ', 'DRX', 'DRY', 'DRZ'),
    ),
);

IMPR_TABLE(
    TABLE=TAB_REAC,
    UNITE=40,
    FORMAT='TABLEAU',
    SEPARATEUR=',',
);

# ----- Text table for SIEQ_ELNO -----
TAB_SIEQ = CREA_TABLE(
    RESU=_F(
        RESULTAT=RESU,
        NOM_CHAM='SIEQ_ELNO',
        TOUT='OUI',
        NOM_CMP=('VMIS',),
    ),
);

IMPR_TABLE(
    TABLE=TAB_SIEQ,
    UNITE=41,
    FORMAT='TABLEAU',
    SEPARATEUR=',',
);

FIN();


# ------------------------------------------------------------------------------
Command line #1:
    ulimit -c unlimited ; ulimit -t 108000 ; ( /home/jan/miniforge3/envs/tuba-code-aster/bin/python3 "study.comm.changed.py" --last --link="F::mail::/mnt/d/Gitprojects/Tuba_v4/notebooks/code_aster_results/bim_operating/study.mail::D::20" --memory 4096.0 --tpmax 86400 --numthreads 1 ; echo $? > _exit_code_ ) 2>&1 | tee -a fort.6
setting '--memory' value to 3686.40 MB (keyword RESERVE_MEMOIRE)
copying '/mnt/d/Gitprojects/Tuba_v4/notebooks/code_aster_results/bim_operating/study.mail' to 'fort.20'...
Ouverture en écriture du fichier ./vola.1

<INFO> Démarrage de l'exécution.

                       -- CODE_ASTER -- VERSION : DÉVELOPPEMENT (unstable) --                       
                               Version 18.0.12 modifiée le 03/04/2026                               
                                    révision n/a - branche 'n/a'                                    
                                     Copyright EDF 1991 - 2026                                      
                                                                                                    
                              Exécution du : Tue Jun 30 12:56:07 2026                               
                                Nom de la machine : DESKTOP-QH6C3T8                                 
                                        Architecture : 64bit                                        
                                    Type de processeur : x86_64                                     
      Système d'exploitation : Linux-5.15.153.1-microsoft-standard-WSL2-x86_64-with-glibc2.39       
                                  Langue des messages : C (UTF-8)                                   
                                     Version de Python : 3.14.6                                     
                                      Version de NumPy : 2.4.6                                      
                                     Parallélisme MPI : inactif                                     
                                    Parallélisme OpenMP : actif                                     
                              Nombre de processus OpenMP utilisés : 1                               
                                Version de la librairie HDF5 : 2.1.0                                
                                Version de la librairie MED : 4.2.0                                 
                               Version de la librairie MFront : 5.1.0                               
                               Version de la librairie MUMPS : 5.8.2                                
                                  Librairie PETSc : non disponible                                  
                              Version de la librairie SCOTCH : 7.0.11                               

starting the execution...
Valeur initiale du temps CPU maximum =   86400 secondes
  Valeur du temps CPU maximum passé aux commandes =   77760 secondes
  Réserve CPU prévue = 8640 secondes

Ouverture en écriture du fichier ./glob.1

Ouverture en écriture du fichier ./vola.1

Ouverture en lecture du fichier /home/jan/miniforge3/envs/tuba-code-aster/lib/elem.1

Nom de la base                          :  ELEMBASE
     Créée avec la version                   :  18.00.12
     Nombre d'enregistrements utilisés       :  49
     Nombre d'enregistrements maximum        :  512
     Nombre d'enregistrements par fichier    :  512
     Longueur d'enregistrement (octets)      :  819200
     Nombre d'identificateurs utilisés       :  123
     Taille maximum du répertoire            :  300
     Pourcentage d'utilisation du répertoire :  41 %

Ouverture en lecture du fichier /home/jan/miniforge3/envs/tuba-code-aster/lib/elem.1

Nom de la base                          :  ELEMBASE
     Nombre d'enregistrements utilisés       :  49
     Nombre d'enregistrements maximum        :  512
     Nombre d'enregistrements par fichier    :  512
     Longueur d'enregistrement (octets)      :  819200
     Nombre total d'accès en lecture         :  67
     Volume des accès en lecture             :         52.34 Mo.
     Nombre total d'accès en écriture        :  0
     Volume des accès en écriture            :          0.00 Mo.
     Nombre d'identificateurs utilisés       :  123
     Taille maximum du répertoire            :  300
     Pourcentage d'utilisation du répertoire :  41 %

Relecture des catalogues des éléments faite.

Fin de lecture (durée  0.141185  s.) 

                      Mémoire limite pour l'allocation dynamique : 4198.46 Mo                       
                         ajouté à l'initialisation du processus : 558.58 Mo                         
                               Limite cible du processus : 4757.03 Mo                               
                         Taille limite des fichiers d'échange : 2048.00 Go                          
/tmp/run_aster_lqkkh38t/study.comm.changed.py:13: DeprecationWarning: This feature is obsolete, 'PAR_LOT' has been removed.
  DEBUT(PAR_LOT='NON');
# Mémoire (Mo) :   558.58 /   549.50 /   212.13 /   185.37 (VmPeak / VmSize / Optimum / Minimum)
# Fin commande #0001   user+syst:        0.08s (syst:        0.59s, elaps:        0.67s)
# ----------------------------------------------------------------------------------------------

.. _stg1_txt16
# ----------------------------------------------------------------------------------------------
# Commande #0002 de /tmp/run_aster_lqkkh38t/study.comm.changed.py, ligne 16
MAIL0 = LIRE_MAILLAGE(FORMAT='ASTER',
                      INFO=1,
                      UNITE=20,
                      VERI_MAIL=_F(APLAT=0.001,
                                   VERIF='OUI'))

Vérification du maillage.


------------ MAILLAGE 00000001 - IMPRESSIONS NIVEAU  1 ------------

MA-30-JUIN-2026 12:56:08                                                        

NOMBRE DE NOEUDS                          37

NOMBRE DE MAILLES                         18
                              SEG3                   18

NOMBRE DE GROUPES DE NOEUDS                4

NOMBRE DE GROUPES DE MAILLES               8

--------------------------------------------------------------------------------

# Résultat commande #0002 (LIRE_MAILLAGE): MAIL0 ('<00000001>') de type <Mesh>
# Mémoire (Mo) :   558.58 /   550.14 /   212.13 /   185.37 (VmPeak / VmSize / Optimum / Minimum)
# Fin commande #0002   user+syst:        0.01s (syst:        0.00s, elaps:        0.01s)
# ----------------------------------------------------------------------------------------------

.. _stg1_txt22
# ----------------------------------------------------------------------------------------------
# Commande #0003 de /tmp/run_aster_lqkkh38t/study.comm.changed.py, ligne 22
MODELE = AFFE_MODELE(AFFE=_F(GROUP_MA='AllPipes',
                             MODELISATION='TUYAU_3M',
                             PHENOMENE='MECANIQUE'),
                     DISTRIBUTION=_F(METHODE='SOUS_DOMAINE',
                                     PARTITIONNEUR='METIS'),
                     INFO=1,
                     MAILLAGE=MAIL0,
                     VERI_FORMULATION_IFS='OUI',
                     VERI_JACOBIEN='OUI',
                     VERI_NORM_IFS='OUI',
                     VERI_PLAN='OUI')

Sur les 18 mailles du maillage 00000001, on a demandé l'affectation de 18, on a pu en affecter 18.
Modélisation     Formulation      Type maille  Élément fini     Nombre
TUYAU_3M         _                SEG3         MET3SEG3         18
#2      Calculs elementaires et assemblages               CPU (USER+SYST/SYST/ELAPS):      0.00      0.00      0.00
# Résultat commande #0003 (AFFE_MODELE): MODELE ('<00000002>') de type <Model>
# Mémoire (Mo) :   679.09 /   679.09 /   212.13 /   200.08 (VmPeak / VmSize / Optimum / Minimum)
# Fin commande #0003   user+syst:        0.01s (syst:        0.00s, elaps:        0.01s)
# ----------------------------------------------------------------------------------------------

.. _stg1_txt34
# ----------------------------------------------------------------------------------------------
# Commande #0004 de /tmp/run_aster_lqkkh38t/study.comm.changed.py, ligne 34
MAT_STEEL = DEFI_MATERIAU(ELAS=_F(ALPHA=1.2e-05,
                                  B_ENDOGE=0.0,
                                  COEF_AMOR=1.0,
                                  E=200000000000.0,
                                  K_DESSIC=0.0,
                                  NU=0.3,
                                  RHO=7850.0),
                          INFO=1)

# Résultat commande #0004 (DEFI_MATERIAU): MAT_STEEL ('<00000003>') de type <Material>
# Mémoire (Mo) :   679.09 /   679.09 /   212.13 /   200.08 (VmPeak / VmSize / Optimum / Minimum)
# Fin commande #0004   user+syst:        0.10s (syst:        0.00s, elaps:        0.10s)
# ----------------------------------------------------------------------------------------------

.. _stg1_txt44
# ----------------------------------------------------------------------------------------------
# Commande #0005 de /tmp/run_aster_lqkkh38t/study.comm.changed.py, ligne 44
CHMAT = AFFE_MATERIAU(AFFE=_F(MATER=MAT_STEEL,
                              TOUT='OUI'),
                      INFO=1,
                      MAILLAGE=MAIL0)

# Résultat commande #0005 (AFFE_MATERIAU): CHMAT ('<00000004>') de type <MaterialField>
# Mémoire (Mo) :   679.09 /   679.09 /   212.13 /   200.08 (VmPeak / VmSize / Optimum / Minimum)
# Fin commande #0005   user+syst:        0.09s (syst:        0.00s, elaps:        0.09s)
# ----------------------------------------------------------------------------------------------

.. _stg1_txt55
# ----------------------------------------------------------------------------------------------
# Commande #0006 de /tmp/run_aster_lqkkh38t/study.comm.changed.py, ligne 55
CARA = AFFE_CARA_ELEM(INFO=1,
                      MODELE=MODELE,
                      ORIENTATION=_F(CARA='GENE_TUYAU',
                                     CRITERE='RELATIF',
                                     GROUP_NO='G06D7539',
                                     PRECISION=0.0001,
                                     VALE=(0.0, 0.0, 1.0)),
                      POUTRE=(_F(CARA=('R', 'EP'),
                                 GROUP_MA='GF0AB739',
                                 MODI_METRIQUE='NON',
                                 SECTION='CERCLE',
                                 TUYAU_NCOU=3,
                                 TUYAU_NSEC=16,
                                 VALE=(0.05715, 0.006),
                                 VARI_SECT='CONSTANT'),
                              _F(CARA=('R', 'EP'),
                                 GROUP_MA='G8652C19',
                                 MODI_METRIQUE='NON',
                                 SECTION='CERCLE',
                                 TUYAU_NCOU=3,
                                 TUYAU_NSEC=16,
                                 VALE=(0.05715, 0.006),
                                 VARI_SECT='CONSTANT'),
                              _F(GROUP_MA='G8652C19',
                                 SECTION='COUDE')))


     LE MODELE 00000002 CONTIENT : 
                                       18 ELEMENT(S) POUTRE          
   NOMBRE TOTAL D ELEMENTS TUYAU DROITS      18
   NOMBRE TOTAL D ELEMENTS TUYAU COUDES       0
#2      Calculs elementaires et assemblages               CPU (USER+SYST/SYST/ELAPS):      0.00      0.00      0.00
# Résultat commande #0006 (AFFE_CARA_ELEM): CARA ('<00000005>') de type <ElementaryCharacteristics>
# Dépend de :
# - MODELE ('<00000002>') de type <Model>
# Mémoire (Mo) :   679.35 /   679.35 /   212.13 /   200.20 (VmPeak / VmSize / Optimum / Minimum)
# Fin commande #0006   user+syst:        0.03s (syst:        0.00s, elaps:        0.03s)
# ----------------------------------------------------------------------------------------------

.. _stg1_txt85
# ----------------------------------------------------------------------------------------------
# Commande #0007 de /tmp/run_aster_lqkkh38t/study.comm.changed.py, ligne 85
BC_0 = AFFE_CHAR_MECA(DDL_IMPO=_F(BLOCAGE=('DEPLACEMENT', 'ROTATION'),
                                  GROUP_NO='GN_N0',
                                  WO=0.0),
                      DOUBLE_LAGRANGE='OUI',
                      INFO=1,
                      MODELE=MODELE,
                      SYNTAXE='NON',
                      VERI_AFFE='OUI',
                      VERI_NORM='OUI')

# Résultat commande #0007 (AFFE_CHAR_MECA): BC_0 ('<00000006>') de type <MechanicalLoadReal>
# Mémoire (Mo) :   679.63 /   679.48 /   212.13 /   200.20 (VmPeak / VmSize / Optimum / Minimum)
# Fin commande #0007   user+syst:        0.01s (syst:        0.00s, elaps:        0.01s)
# ----------------------------------------------------------------------------------------------

.. _stg1_txt94
# ----------------------------------------------------------------------------------------------
# Commande #0008 de /tmp/run_aster_lqkkh38t/study.comm.changed.py, ligne 94
BC_1 = AFFE_CHAR_MECA(DDL_IMPO=_F(BLOCAGE=('DEPLACEMENT', 'ROTATION'),
                                  GROUP_NO='GN_N3',
                                  WO=0.0),
                      DOUBLE_LAGRANGE='OUI',
                      INFO=1,
                      MODELE=MODELE,
                      SYNTAXE='NON',
                      VERI_AFFE='OUI',
                      VERI_NORM='OUI')

# Résultat commande #0008 (AFFE_CHAR_MECA): BC_1 ('<00000007>') de type <MechanicalLoadReal>
# Mémoire (Mo) :   679.63 /   679.48 /   212.13 /   200.20 (VmPeak / VmSize / Optimum / Minimum)
# Fin commande #0008   user+syst:        0.00s (syst:        0.00s, elaps:        0.00s)
# ----------------------------------------------------------------------------------------------

.. _stg1_txt104
# ----------------------------------------------------------------------------------------------
# Commande #0009 de /tmp/run_aster_lqkkh38t/study.comm.changed.py, ligne 104
GRAVITY = AFFE_CHAR_MECA(DOUBLE_LAGRANGE='OUI',
                         INFO=1,
                         MODELE=MODELE,
                         PESANTEUR=_F(DIRECTION=(0.0, -1.0, 0.0),
                                      GRAVITE=9.81),
                         SYNTAXE='NON',
                         VERI_AFFE='OUI',
                         VERI_NORM='OUI')

# Résultat commande #0009 (AFFE_CHAR_MECA): GRAVITY ('<00000008>') de type <MechanicalLoadReal>
# Mémoire (Mo) :   679.63 /   679.48 /   212.13 /   200.20 (VmPeak / VmSize / Optimum / Minimum)
# Fin commande #0009   user+syst:        0.01s (syst:        0.00s, elaps:        0.01s)
# ----------------------------------------------------------------------------------------------

.. _stg1_txt113
# ----------------------------------------------------------------------------------------------
# Commande #0010 de /tmp/run_aster_lqkkh38t/study.comm.changed.py, ligne 113
PRESSURE = AFFE_CHAR_MECA(DOUBLE_LAGRANGE='OUI',
                          FORCE_TUYAU=_F(GROUP_MA='AllPipes',
                                         PRES=1500000.0),
                          INFO=1,
                          MODELE=MODELE,
                          SYNTAXE='NON',
                          VERI_AFFE='OUI',
                          VERI_NORM='OUI')

# Résultat commande #0010 (AFFE_CHAR_MECA): PRESSURE ('<00000009>') de type <MechanicalLoadReal>
# Mémoire (Mo) :   679.63 /   679.48 /   212.13 /   200.20 (VmPeak / VmSize / Optimum / Minimum)
# Fin commande #0010   user+syst:        0.00s (syst:        0.00s, elaps:        0.00s)
# ----------------------------------------------------------------------------------------------

.. _stg1_txt122
# ----------------------------------------------------------------------------------------------
# Commande #0011 de /tmp/run_aster_lqkkh38t/study.comm.changed.py, ligne 122
T_FUNC = DEFI_CONSTANTE(NOM_RESU='TOUTRESU',
                        VALE=1.0)

# Résultat commande #0011 (DEFI_CONSTANTE): T_FUNC ('<0000000a>') de type <Function>
# Mémoire (Mo) :   679.63 /   679.48 /   212.13 /   200.20 (VmPeak / VmSize / Optimum / Minimum)
# Fin commande #0011   user+syst:        0.00s (syst:        0.00s, elaps:        0.01s)
# ----------------------------------------------------------------------------------------------

.. _stg1_txt124
# ----------------------------------------------------------------------------------------------
# Commande #0012 de /tmp/run_aster_lqkkh38t/study.comm.changed.py, ligne 124
TEMP_FIELD = CREA_CHAMP(AFFE=_F(NOM_CMP='TEMP',
                                TOUT='OUI',
                                VALE=150.0),
                        INFO=1,
                        MAILLAGE=MAIL0,
                        OPERATION='AFFE',
                        TYPE_CHAM='NOEU_TEMP_R')

# Résultat commande #0012 (CREA_CHAMP): TEMP_FIELD ('<0000000b>') de type <FieldOnNodesReal>
# Mémoire (Mo) :   680.73 /   680.73 /   212.13 /   200.20 (VmPeak / VmSize / Optimum / Minimum)
# Fin commande #0012   user+syst:        0.00s (syst:        0.01s, elaps:        0.00s)
# ----------------------------------------------------------------------------------------------

.. _stg1_txt135
# ----------------------------------------------------------------------------------------------
# Commande #0013 de /tmp/run_aster_lqkkh38t/study.comm.changed.py, ligne 135
CHMAT = AFFE_MATERIAU(AFFE=_F(MATER=MAT_STEEL,
                              TOUT='OUI'),
                      AFFE_VARC=_F(CHAM_GD=TEMP_FIELD,
                                   NOM_VARC='TEMP',
                                   TOUT='OUI',
                                   VALE_REF=20.0),
                      INFO=1,
                      MAILLAGE=MAIL0)

# Résultat commande #0013 (AFFE_MATERIAU): CHMAT ('<0000000c>') de type <MaterialField>
# Mémoire (Mo) :   680.73 /   680.73 /   212.13 /   200.20 (VmPeak / VmSize / Optimum / Minimum)
# Fin commande #0013   user+syst:        0.13s (syst:        0.00s, elaps:        0.13s)
# ----------------------------------------------------------------------------------------------

.. _stg1_txt152
# ----------------------------------------------------------------------------------------------
# Commande #0014 de /tmp/run_aster_lqkkh38t/study.comm.changed.py, ligne 152
RESU = MECA_STATIQUE(CARA_ELEM=CARA,
                     CHAM_MATER=CHMAT,
                     EXCIT=(_F(CHARGE=BC_0,
                               TYPE_CHARGE='FIXE_CSTE'),
                            _F(CHARGE=BC_1,
                               TYPE_CHARGE='FIXE_CSTE'),
                            _F(CHARGE=GRAVITY,
                               TYPE_CHARGE='FIXE_CSTE'),
                            _F(CHARGE=PRESSURE,
                               TYPE_CHARGE='FIXE_CSTE')),
                     INFO=1,
                     INST=0.0,
                     MODELE=MODELE,
                     OPTION='SIEF_ELGA',
                     SOLVEUR=_F(ACCELERATION='AUTO',
                                ELIM_LAGR='LAGR2',
                                GESTION_MEMOIRE='AUTO',
                                LOW_RANK_SEUIL=0.0,
                                MATR_DISTRIBUEE='NON',
                                METHODE='MUMPS',
                                NB_RHS=1,
                                NPREC=8,
                                PCENT_PIVOT=35,
                                POSTTRAITEMENTS='AUTO',
                                PRETRAITEMENTS='AUTO',
                                REDUCTION_MPI=0,
                                RENUM='AUTO',
                                RESI_RELA=1e-06,
                                STOP_SINGULIER='OUI',
                                TYPE_RESOL='AUTO'))

Le système linéaire à résoudre a 805 degrés de liberté:
   - 777 sont des degrés de liberté physiques
     (ils sont portés par 37 noeuds du maillage)
   - 28 sont les couples de paramètres de Lagrange associés
     aux 14 relations linéaires dualisées.
La matrice est de taille 805 équations.
  Elle contient 32991 termes non nuls si elle est symétrique et 65177 termes non nuls si elle n'est
pas symétrique.
  Soit un taux de remplissage de  10.058 %.
 CELD: TEMP                        0
Champ stocké <DEPL> à l'instant  0.000000000000e+00 pour le numéro d'ordre 1
Champ stocké <SIEF_ELGA> à l'instant  0.000000000000e+00 pour le numéro d'ordre 1
# Résultat commande #0014 (MECA_STATIQUE): RESU ('<0000000d>') de type <ElasticResult>
# Mémoire (Mo) :   685.52 /   681.80 /   212.13 /   201.45 (VmPeak / VmSize / Optimum / Minimum)
# Fin commande #0014   user+syst:        0.37s (syst:        0.01s, elaps:        0.38s)
# ----------------------------------------------------------------------------------------------

.. _stg1_txt183
# ----------------------------------------------------------------------------------------------
# Commande #0015 de /home/jan/miniforge3/envs/tuba-code-aster/lib/python3
14/site-packages/code_aster/Supervis/ExecuteCommand.py, ligne 183
CALC_CHAMP(CONTRAINTE=('EFGE_ELNO', 'SIEF_ELNO'),
           CRITERE='RELATIF',
           CRITERES='SIEQ_ELNO',
           FORCE='FORC_NODA',
           INFO=1,
           PARALLELISME_TEMPS='NON',
           PRECISION=1e-06,
           RESULTAT=RESU,
           reuse=RESU)

 CELD: TEMP                        0
 CELD: TEMP                        0
 CELD: TEMP                        0
 CELD: TEMP                        0
Le système linéaire à résoudre a 805 degrés de liberté:
   - 777 sont des degrés de liberté physiques
     (ils sont portés par 37 noeuds du maillage)
   - 28 sont les couples de paramètres de Lagrange associés
     aux 14 relations linéaires dualisées.
#2      Calculs elementaires et assemblages               CPU (USER+SYST/SYST/ELAPS):      0.07      0.00      0.07
# Résultat commande #0015 (CALC_CHAMP): RESU ('<0000000d>') de type <ElasticResult>
# Mémoire (Mo) :   687.16 /   684.01 /   212.13 /   205.27 (VmPeak / VmSize / Optimum / Minimum)
# Fin commande #0015   user+syst:        0.10s (syst:        0.01s, elaps:        0.11s)
# ----------------------------------------------------------------------------------------------

.. _stg1_txt174
# ----------------------------------------------------------------------------------------------
# Commande #0016 de /tmp/run_aster_lqkkh38t/study.comm.changed.py, ligne 174
IMPR_RESU(FICHIER_UNIQUE='NON',
          FORMAT='MED',
          INFO=1,
          PROC0='OUI',
          RESU=_F(IMPR_NOM_VARI='OUI',
                  INFO_MAILLAGE='NON',
                  NOM_CHAM=('DEPL', 'SIEQ_ELNO', 'EFGE_ELNO', 'FORC_NODA'),
                  NOM_CHAM_MED=('RESU____DEPL', 'RESU____SIEQ_ELNO', 'RESU____EFGE_ELNO', 'RESU____FORC_NODA'),
                  RESULTAT=RESU),
          UNITE=80,
          VERSION_MED='3.3.1')

Création du fichier au format MED 3.3.1.

# Mémoire (Mo) :   687.75 /   684.01 /   212.13 /   205.27 (VmPeak / VmSize / Optimum / Minimum)
# Fin commande #0016   user+syst:        0.03s (syst:        0.02s, elaps:        0.04s)
# ----------------------------------------------------------------------------------------------

.. _stg1_txt184
# ----------------------------------------------------------------------------------------------
# Commande #0017 de /tmp/run_aster_lqkkh38t/study.comm.changed.py, ligne 184
TAB_EFFO = CREA_TABLE(RESU=_F(CRITERE='RELATIF',
                              INTITULE='RESU',
                              NOM_CHAM='EFGE_ELNO',
                              NOM_CMP=('N', 'VY', 'VZ', 'MT', 'MFY', 'MFZ'),
                              PRECISION=1e-06,
                              RESULTAT=RESU,
                              TOUT='OUI'),
                      TYPE_TABLE='TABLE')

# Résultat commande #0017 (CREA_TABLE): TAB_EFFO ('<00000044>') de type <Table>
# Mémoire (Mo) :   687.75 /   684.01 /   212.13 /   205.27 (VmPeak / VmSize / Optimum / Minimum)
# Fin commande #0017   user+syst:        0.00s (syst:        0.00s, elaps:        0.01s)
# ----------------------------------------------------------------------------------------------

.. _stg1_txt193
# ----------------------------------------------------------------------------------------------
# Commande #0018 de /tmp/run_aster_lqkkh38t/study.comm.changed.py, ligne 193
IMPR_TABLE(COMMENTAIRE='#',
           COMM_PARA='',
           DEBUT_LIGNE='',
           FIN_LIGNE='\n',
           FIN_TABLE='',
           FORMAT='TABLEAU',
           FORMAT_R='E12.5',
           IMPR_FONCTION='NON',
           INFO=1,
           SEPARATEUR=',',
           TABLE=TAB_EFFO,
           UNITE=38)

# Mémoire (Mo) :   687.75 /   684.01 /   212.13 /   205.27 (VmPeak / VmSize / Optimum / Minimum)
# Fin commande #0018   user+syst:        0.09s (syst:        0.00s, elaps:        0.09s)
# ----------------------------------------------------------------------------------------------

.. _stg1_txt201
# ----------------------------------------------------------------------------------------------
# Commande #0019 de /tmp/run_aster_lqkkh38t/study.comm.changed.py, ligne 201
TAB_DEPL = CREA_TABLE(RESU=_F(CRITERE='RELATIF',
                              INTITULE='RESU',
                              NOM_CHAM='DEPL',
                              NOM_CMP=('DX', 'DY', 'DZ', 'DRX', 'DRY', 'DRZ'),
                              PRECISION=1e-06,
                              RESULTAT=RESU,
                              TOUT='OUI'),
                      TYPE_TABLE='TABLE')

# Résultat commande #0019 (CREA_TABLE): TAB_DEPL ('<00000045>') de type <Table>
# Mémoire (Mo) :   687.75 /   684.01 /   212.13 /   205.27 (VmPeak / VmSize / Optimum / Minimum)
# Fin commande #0019   user+syst:        0.02s (syst:        0.00s, elaps:        0.01s)
# ----------------------------------------------------------------------------------------------

.. _stg1_txt210
# ----------------------------------------------------------------------------------------------
# Commande #0020 de /tmp/run_aster_lqkkh38t/study.comm.changed.py, ligne 210
IMPR_TABLE(COMMENTAIRE='#',
           COMM_PARA='',
           DEBUT_LIGNE='',
           FIN_LIGNE='\n',
           FIN_TABLE='',
           FORMAT='TABLEAU',
           FORMAT_R='E12.5',
           IMPR_FONCTION='NON',
           INFO=1,
           SEPARATEUR=',',
           TABLE=TAB_DEPL,
           UNITE=39)

# Mémoire (Mo) :   687.75 /   684.01 /   212.13 /   205.27 (VmPeak / VmSize / Optimum / Minimum)
# Fin commande #0020   user+syst:        0.14s (syst:        0.00s, elaps:        0.13s)
# ----------------------------------------------------------------------------------------------

.. _stg1_txt218
# ----------------------------------------------------------------------------------------------
# Commande #0021 de /tmp/run_aster_lqkkh38t/study.comm.changed.py, ligne 218
TAB_REAC = CREA_TABLE(RESU=_F(CRITERE='RELATIF',
                              INTITULE='RESU',
                              NOM_CHAM='FORC_NODA',
                              NOM_CMP=('DX', 'DY', 'DZ', 'DRX', 'DRY', 'DRZ'),
                              PRECISION=1e-06,
                              RESULTAT=RESU,
                              TOUT='OUI'),
                      TYPE_TABLE='TABLE')

# Résultat commande #0021 (CREA_TABLE): TAB_REAC ('<00000046>') de type <Table>
# Mémoire (Mo) :   687.75 /   684.01 /   212.13 /   205.27 (VmPeak / VmSize / Optimum / Minimum)
# Fin commande #0021   user+syst:        0.01s (syst:        0.00s, elaps:        0.01s)
# ----------------------------------------------------------------------------------------------

.. _stg1_txt227
# ----------------------------------------------------------------------------------------------
# Commande #0022 de /tmp/run_aster_lqkkh38t/study.comm.changed.py, ligne 227
IMPR_TABLE(COMMENTAIRE='#',
           COMM_PARA='',
           DEBUT_LIGNE='',
           FIN_LIGNE='\n',
           FIN_TABLE='',
           FORMAT='TABLEAU',
           FORMAT_R='E12.5',
           IMPR_FONCTION='NON',
           INFO=1,
           SEPARATEUR=',',
           TABLE=TAB_REAC,
           UNITE=40)

# Mémoire (Mo) :   687.75 /   684.01 /   212.13 /   205.27 (VmPeak / VmSize / Optimum / Minimum)
# Fin commande #0022   user+syst:        0.13s (syst:        0.00s, elaps:        0.13s)
# ----------------------------------------------------------------------------------------------

.. _stg1_txt235
# ----------------------------------------------------------------------------------------------
# Commande #0023 de /tmp/run_aster_lqkkh38t/study.comm.changed.py, ligne 235
TAB_SIEQ = CREA_TABLE(RESU=_F(CRITERE='RELATIF',
                              INTITULE='RESU',
                              NOM_CHAM='SIEQ_ELNO',
                              NOM_CMP='VMIS',
                              PRECISION=1e-06,
                              RESULTAT=RESU,
                              TOUT='OUI'),
                      TYPE_TABLE='TABLE')

# Résultat commande #0023 (CREA_TABLE): TAB_SIEQ ('<00000047>') de type <Table>
# Mémoire (Mo) :   688.07 /   686.45 /   212.13 /   205.27 (VmPeak / VmSize / Optimum / Minimum)
# Fin commande #0023   user+syst:        0.39s (syst:        0.01s, elaps:        0.39s)
# ----------------------------------------------------------------------------------------------

.. _stg1_txt244
# ----------------------------------------------------------------------------------------------
# Commande #0024 de /tmp/run_aster_lqkkh38t/study.comm.changed.py, ligne 244
IMPR_TABLE(COMMENTAIRE='#',
           COMM_PARA='',
           DEBUT_LIGNE='',
           FIN_LIGNE='\n',
           FIN_TABLE='',
           FORMAT='TABLEAU',
           FORMAT_R='E12.5',
           IMPR_FONCTION='NON',
           INFO=1,
           SEPARATEUR=',',
           TABLE=TAB_SIEQ,
           UNITE=41)

# Mémoire (Mo) :   709.34 /   693.64 /   212.13 /   205.27 (VmPeak / VmSize / Optimum / Minimum)
# Fin commande #0024   user+syst:        0.46s (syst:        0.03s, elaps:        0.48s)
# ----------------------------------------------------------------------------------------------

.. _stg1_txt76
# ----------------------------------------------------------------------------------------------
# Commande #0025 de
/home/jan/miniforge3/envs/tuba-code-aster/lib/python3.14/site-packages/code_aster/CodeCommands/fin
py, ligne 76
FIN(INFO_RESU='NON',
    RETASSAGE='NON')

No database in results, objects not saved on processor #0

 ╔════════════════════════════════════════════════════════════════════════════════════════════════╗
 ║ <I> <CATAMESS_89>                                                                              ║
 ║                                                                                                ║
 ║ Liste des alarmes émises lors de l'exécution du calcul.                                        ║
 ║                                                                                                ║
 ║     Les alarmes que vous avez choisies d'ignorer sont précédées de (*).                        ║
 ║     Nombre d'occurrences pour chacune des alarmes :                                            ║
 ║            aucune alarme                                                                       ║
 ╚════════════════════════════════════════════════════════════════════════════════════════════════╝

<I> <FIN> ARRET NORMAL DANS "FIN" PAR APPEL A "JEFINI".
  
 <I> <FIN> MEMOIRE JEVEUX MINIMALE REQUISE POUR L'EXECUTION :                     205.27 Mo
 <I> <FIN> MEMOIRE JEVEUX OPTIMALE REQUISE POUR L'EXECUTION :                     212.13 Mo
 <I> <FIN> MAXIMUM DE MEMOIRE UTILISEE PAR LE PROCESSUS LORS DE L'EXECUTION :     709.34 Mo
  
 <I>       FERMETURE DES BASES EFFECTUEE
  
   STATISTIQUES CONCERNANT L'ALLOCATION DYNAMIQUE :
     TAILLE CUMULEE MAXIMUM            :                  212  Mo.
     TAILLE CUMULEE LIBEREE            :                    6  Mo.
     NOMBRE TOTAL D'ALLOCATIONS        :                19245
     NOMBRE TOTAL DE LIBERATIONS       :                18411
     APPELS AU MECANISME DE LIBERATION :                    0
     TAILLE MEMOIRE CUMULEE RECUPEREE  :                    0  Mo.
     VOLUME DES LECTURES               :                    0  Mo.
     VOLUME DES ECRITURES              :                    0  Mo.
  
   MEMOIRE JEVEUX MINIMALE REQUISE POUR L'EXECUTION :     205.27 Mo
     - IMPOSE DE NOMBREUX ACCES DISQUE
     - RALENTIT LA VITESSE D'EXECUTION
   MEMOIRE JEVEUX OPTIMALE REQUISE POUR L'EXECUTION :     212.13 Mo
     - LIMITE LES ACCES DISQUE
     - AMELIORE LA VITESSE D'EXECUTION
   MAXIMUM DE MEMOIRE UTILISEE PAR LE PROCESSUS     :     709.34 Mo
     - COMPREND LA MEMOIRE CONSOMMEE PAR  JEVEUX, 
       LE SUPERVISEUR PYTHON, LES LIBRAIRIES EXTERNES
  
 <I>       FIN D'EXECUTION LE : MA-30-JUIN-2026 12:56:10
INFO './glob.1' deleted
Deleting './glob.2': No such file or directory
INFO './vola.1' deleted
Deleting './vola.2': No such file or directory

 ********************************************************************************
 * COMMAND                  :       USER :     SYSTEM :   USER+SYS :    ELAPSED *
 ********************************************************************************
 * DEBUT                    :       0.08 :       0.59 :       0.67 :       0.67 *
 * LIRE_MAILLAGE            :       0.01 :       0.00 :       0.01 :       0.01 *
 * AFFE_MODELE              :       0.01 :       0.00 :       0.01 :       0.01 *
 * DEFI_MATERIAU            :       0.10 :       0.00 :       0.10 :       0.10 *
 * AFFE_MATERIAU            :       0.09 :       0.00 :       0.09 :       0.09 *
 * AFFE_CARA_ELEM           :       0.03 :       0.00 :       0.03 :       0.03 *
 * AFFE_CHAR_MECA           :       0.01 :       0.00 :       0.01 :       0.01 *
 * AFFE_CHAR_MECA           :       0.00 :       0.00 :       0.00 :       0.00 *
 * AFFE_CHAR_MECA           :       0.01 :       0.00 :       0.01 :       0.01 *
 * AFFE_CHAR_MECA           :       0.00 :       0.00 :       0.00 :       0.00 *
 * DEFI_CONSTANTE           :       0.00 :       0.00 :       0.00 :       0.01 *
 * CREA_CHAMP               :       0.00 :       0.01 :       0.01 :       0.00 *
 * AFFE_MATERIAU            :       0.13 :       0.00 :       0.13 :       0.13 *
 * MECA_STATIQUE            :       0.37 :       0.01 :       0.38 :       0.38 *
 * CALC_CHAMP               :       0.10 :       0.01 :       0.11 :       0.11 *
 * IMPR_RESU                :       0.03 :       0.02 :       0.05 :       0.04 *
 * CREA_TABLE               :       0.00 :       0.00 :       0.00 :       0.01 *
 * IMPR_TABLE               :       0.09 :       0.00 :       0.09 :       0.09 *
 * CREA_TABLE               :       0.02 :       0.00 :       0.02 :       0.01 *
 * IMPR_TABLE               :       0.14 :       0.00 :       0.14 :       0.13 *
 * CREA_TABLE               :       0.01 :       0.00 :       0.01 :       0.01 *
 * IMPR_TABLE               :       0.13 :       0.00 :       0.13 :       0.13 *
 * CREA_TABLE               :       0.39 :       0.01 :       0.40 :       0.39 *
 * IMPR_TABLE               :       0.46 :       0.03 :       0.49 :       0.48 *
 * FIN                      :       0.12 :       0.00 :       0.12 :       0.12 *
 *  . sdveri                :       0.00 :       0.00 :       0.00 :       0.00 *
 *  . check syntax          :       0.10 :       0.02 :       0.12 :       0.11 *
 *  . fortran               :       0.72 :       0.61 :       1.33 :       1.35 *
 *  . cleanup               :       0.84 :       0.00 :       0.84 :       0.84 *
 ********************************************************************************
 * TOTAL_JOB                :       2.47 :       0.68 :       3.15 :       3.19 *
 ********************************************************************************

# Mémoire (Mo) :   709.34 /   693.64 /   212.13 /   205.27 (VmPeak / VmSize / Optimum / Minimum)
# Fin commande #0025   user+syst:        0.12s (syst:        0.00s, elaps:        0.12s)
# ----------------------------------------------------------------------------------------------

EXECUTION_CODE_ASTER_EXIT_1077=0


execution ended (command file #1): OK

# ------------------------------------------------------------------------------
Content of /tmp/run_aster_lqkkh38t after execution:
.:
total 1896
-rw-r--r-- 1 jan jan     975 Jun 30 12:56 1077.export
drwxr-xr-x 2 jan jan    4096 Jun 30 12:56 REPE_IN
drwxr-xr-x 2 jan jan    4096 Jun 30 12:56 REPE_OUT
-rw-r--r-- 1 jan jan     285 Jun 30 12:56 fort.15
-rwxrwxrwx 1 jan jan    4596 Jun 30 12:56 fort.20
-rw-r--r-- 1 jan jan   11498 Jun 30 12:56 fort.38
-rw-r--r-- 1 jan jan    7132 Jun 30 12:56 fort.39
-rw-r--r-- 1 jan jan    7132 Jun 30 12:56 fort.40
-rw-r--r-- 1 jan jan 1784034 Jun 30 12:56 fort.41
-rw-r--r-- 1 jan jan   36494 Jun 30 12:56 fort.6
-rw-r--r-- 1 jan jan       0 Jun 30 12:56 fort.8
-rw-r--r-- 1 jan jan   56807 Jun 30 12:56 fort.80
-rw-r--r-- 1 jan jan       0 Jun 30 12:56 fort.9
-rw-r--r-- 1 jan jan    4916 Jun 30 12:56 study.comm.changed.py

REPE_OUT:
total 0


# ------------------------------------------------------------------------------
Copying results
copying 'fort.6' to '/mnt/d/Gitprojects/Tuba_v4/notebooks/code_aster_results/bim_operating/study.mess'...
copying 'fort.8' to '/mnt/d/Gitprojects/Tuba_v4/notebooks/code_aster_results/bim_operating/study.resu'...
copying 'fort.80' to '/mnt/d/Gitprojects/Tuba_v4/notebooks/code_aster_results/bim_operating/study.rmed'...
copying 'fort.38' to '/mnt/d/Gitprojects/Tuba_v4/notebooks/code_aster_results/bim_operating/study_effo.csv'...
copying 'fort.39' to '/mnt/d/Gitprojects/Tuba_v4/notebooks/code_aster_results/bim_operating/study_depl.csv'...
copying 'fort.40' to '/mnt/d/Gitprojects/Tuba_v4/notebooks/code_aster_results/bim_operating/study_reac.csv'...
copying 'fort.41' to '/mnt/d/Gitprojects/Tuba_v4/notebooks/code_aster_results/bim_operating/study_sieq.csv'...

# ------------------------------------------------------------------------------
Execution summary
                                      cpu     system    cpu+sys    elapsed
--------------------------------------------------------------------------------
Preparation of environment           0.00       0.00       0.00       0.00
Execution of code_aster              4.73       1.22       5.95       6.05
Copying results                      0.03       0.01       0.04       0.18
--------------------------------------------------------------------------------
Total                                4.76       1.23       5.99       6.23
--------------------------------------------------------------------------------

------------------------------------------------------------
--- DIAGNOSTIC JOB : OK
------------------------------------------------------------

