
# ------------------------------------------------------------------------------
Execution of code_aster

# ------------------------------------------------------------------------------
Prepare environment in /tmp/run_aster_a5rhhvuv

# ------------------------------------------------------------------------------
Command file #1 / 1

Content of the file to execute:
# coding=utf-8
# original filename
__file__ = r"/mnt/d/Gitprojects/Tuba_v4/code_aster_smoke_debug/study.comm"


# temporarly added for compatibility with code_aster legacy
from math import *

import code_aster
from code_aster.Commands import *
from code_aster import CA

DEBUT(PAR_LOT='NON');

# ----- Read mesh -----
MAIL0 = LIRE_MAILLAGE(FORMAT='ASTER',
                      UNITE=20);

MAIL = MAIL0;

# ----- Model definition -----
MODELE = AFFE_MODELE(
    MAILLAGE=MAIL,
    AFFE=(
        _F(
            GROUP_MA='AllPipes',
            PHENOMENE='MECANIQUE',
            MODELISATION='TUYAU_3M',
        ),
    ),
);

# ----- Material definitions -----
MAT_STEEL = DEFI_MATERIAU(
    ELAS=_F(
        E=2.000000E+11,
        NU=3.000000E-01,
        RHO=7.850000E+03,
        ALPHA=1.200000E-05,
    ),
);

# ----- Material assignment -----
CHMAT = AFFE_MATERIAU(
    MAILLAGE=MAIL,
    AFFE=(
        _F(
            TOUT='OUI',
            MATER=MAT_STEEL,
        ),
    ),
);

# ----- Cross-section properties -----
CARA = AFFE_CARA_ELEM(
    MODELE=MODELE,
    POUTRE=(
        _F(
            GROUP_MA='SEC_PipeSec',
            SECTION='CERCLE',
            CARA=('R', 'EP'),
            VALE=(5.00000000E-02, 1.00000000E-02),
        ),
    ),
    ORIENTATION=(
        _F(
            GROUP_NO='PipeOrientationNodes',
            CARA='GENE_TUYAU',
            VALE=(0.0, 0.0, 1.0),
        ),
    ),
);

# ----- Boundary conditions -----
BC_0 = AFFE_CHAR_MECA(
    MODELE=MODELE,
    DDL_IMPO=_F(
        GROUP_NO='GN_N0',
        BLOCAGE=('DEPLACEMENT', 'ROTATION'),
    ),
);

# ----- Gravity -----
GRAVITY = AFFE_CHAR_MECA(
    MODELE=MODELE,
    PESANTEUR=_F(
        GRAVITE=9.81,
        DIRECTION=(0.0, -1.0, 0.0),
    ),
);

# ----- Internal pressure -----
PRESSURE = AFFE_CHAR_MECA(
    MODELE=MODELE,
    FORCE_TUYAU=_F(
        GROUP_MA='AllPipes',
        PRES=1.000000E+06,
    ),
);

# ----- Thermal expansion -----
T_FUNC = DEFI_CONSTANTE(VALE=1.0);

TEMP_FIELD = CREA_CHAMP(
    TYPE_CHAM='NOEU_TEMP_R',
    OPERATION='AFFE',
    MAILLAGE=MAIL,
    AFFE=_F(
        TOUT='OUI',
        NOM_CMP='TEMP',
        VALE=1.200000E+02,
    ),
);

CHMAT = AFFE_MATERIAU(
    MAILLAGE=MAIL,
    AFFE=(
        _F(
            TOUT='OUI',
            MATER=MAT_STEEL,
        ),
    ),
    AFFE_VARC=_F(
        TOUT='OUI',
        NOM_VARC='TEMP',
        CHAM_GD=TEMP_FIELD,
        VALE_REF=2.000000E+01,
    ),
);

# ----- Solve -----
RESU = MECA_STATIQUE(
    MODELE=MODELE,
    CHAM_MATER=CHMAT,
    CARA_ELEM=CARA,
    EXCIT=(
        _F(CHARGE=BC_0),
        _F(CHARGE=GRAVITY),
        _F(CHARGE=PRESSURE),
    ),
);

# ----- Derived fields -----
RESU = CALC_CHAMP(
    reuse=RESU,
    RESULTAT=RESU,
    CONTRAINTE=('EFGE_ELNO', 'SIEQ_ELNO'),
    FORCE='FORC_NODA',
);

# ----- Write MED results file -----
IMPR_RESU(
    FORMAT='MED',
    UNITE=80,
    RESU=_F(
        RESULTAT=RESU,
        NOM_CHAM=('DEPL', 'SIEQ_ELNO', 'EFGE_ELNO', 'FORC_NODA'),
    ),
);

# ----- Text table for EFGE_ELNO -----
TAB_EFFO = CREA_TABLE(
    RESU=_F(
        RESULTAT=RESU,
        NOM_CHAM='EFGE_ELNO',
        TOUT='OUI',
        NOM_CMP=('N', 'VY', 'VZ', 'MT', 'MFY', 'MFZ'),
    ),
);

IMPR_TABLE(
    TABLE=TAB_EFFO,
    UNITE=38,
    FORMAT='TABLEAU',
    SEPARATEUR=',',
);

# ----- Text table for DEPL -----
TAB_DEPL = CREA_TABLE(
    RESU=_F(
        RESULTAT=RESU,
        NOM_CHAM='DEPL',
        TOUT='OUI',
        NOM_CMP=('DX', 'DY', 'DZ', 'DRX', 'DRY', 'DRZ'),
    ),
);

IMPR_TABLE(
    TABLE=TAB_DEPL,
    UNITE=39,
    FORMAT='TABLEAU',
    SEPARATEUR=',',
);

# ----- Text table for FORC_NODA -----
TAB_REAC = CREA_TABLE(
    RESU=_F(
        RESULTAT=RESU,
        NOM_CHAM='FORC_NODA',
        TOUT='OUI',
        NOM_CMP=('DX', 'DY', 'DZ', 'DRX', 'DRY', 'DRZ'),
    ),
);

IMPR_TABLE(
    TABLE=TAB_REAC,
    UNITE=40,
    FORMAT='TABLEAU',
    SEPARATEUR=',',
);

# ----- Text table for SIEQ_ELNO -----
TAB_SIEQ = CREA_TABLE(
    RESU=_F(
        RESULTAT=RESU,
        NOM_CHAM='SIEQ_ELNO',
        TOUT='OUI',
        NOM_CMP=('VMIS',),
    ),
);

IMPR_TABLE(
    TABLE=TAB_SIEQ,
    UNITE=41,
    FORMAT='TABLEAU',
    SEPARATEUR=',',
);

FIN();


# ------------------------------------------------------------------------------
Command line #1:
    ulimit -c unlimited ; ulimit -t 108000 ; ( /home/jan/miniforge3/envs/tuba-code-aster/bin/python3 "study.comm.changed.py" --last --link="F::mail::/mnt/d/Gitprojects/Tuba_v4/code_aster_smoke_debug/study.mail::D::20" --memory 4096.0 --tpmax 86400 --numthreads 1 ; echo $? > _exit_code_ ) 2>&1 | tee -a fort.6
setting '--memory' value to 3686.40 MB (keyword RESERVE_MEMOIRE)
copying '/mnt/d/Gitprojects/Tuba_v4/code_aster_smoke_debug/study.mail' to 'fort.20'...
Ouverture en écriture du fichier ./vola.1

<INFO> Démarrage de l'exécution.

                       -- CODE_ASTER -- VERSION : DÉVELOPPEMENT (unstable) --                       
                               Version 18.0.12 modifiée le 03/04/2026                               
                                    révision n/a - branche 'n/a'                                    
                                     Copyright EDF 1991 - 2026                                      
                                                                                                    
                              Exécution du : Tue Jun 30 09:44:28 2026                               
                                Nom de la machine : DESKTOP-QH6C3T8                                 
                                        Architecture : 64bit                                        
                                    Type de processeur : x86_64                                     
      Système d'exploitation : Linux-5.15.153.1-microsoft-standard-WSL2-x86_64-with-glibc2.39       
                                  Langue des messages : C (UTF-8)                                   
                                     Version de Python : 3.14.6                                     
                                      Version de NumPy : 2.4.6                                      
                                     Parallélisme MPI : inactif                                     
                                    Parallélisme OpenMP : actif                                     
                              Nombre de processus OpenMP utilisés : 1                               
                                Version de la librairie HDF5 : 2.1.0                                
                                Version de la librairie MED : 4.2.0                                 
                               Version de la librairie MFront : 5.1.0                               
                               Version de la librairie MUMPS : 5.8.2                                
                                  Librairie PETSc : non disponible                                  
                              Version de la librairie SCOTCH : 7.0.11                               

starting the execution...
Valeur initiale du temps CPU maximum =   86400 secondes
  Valeur du temps CPU maximum passé aux commandes =   77760 secondes
  Réserve CPU prévue = 8640 secondes

Ouverture en écriture du fichier ./glob.1

Ouverture en écriture du fichier ./vola.1

Ouverture en lecture du fichier /home/jan/miniforge3/envs/tuba-code-aster/lib/elem.1

Nom de la base                          :  ELEMBASE
     Créée avec la version                   :  18.00.12
     Nombre d'enregistrements utilisés       :  49
     Nombre d'enregistrements maximum        :  512
     Nombre d'enregistrements par fichier    :  512
     Longueur d'enregistrement (octets)      :  819200
     Nombre d'identificateurs utilisés       :  123
     Taille maximum du répertoire            :  300
     Pourcentage d'utilisation du répertoire :  41 %

Ouverture en lecture du fichier /home/jan/miniforge3/envs/tuba-code-aster/lib/elem.1

Nom de la base                          :  ELEMBASE
     Nombre d'enregistrements utilisés       :  49
     Nombre d'enregistrements maximum        :  512
     Nombre d'enregistrements par fichier    :  512
     Longueur d'enregistrement (octets)      :  819200
     Nombre total d'accès en lecture         :  67
     Volume des accès en lecture             :         52.34 Mo.
     Nombre total d'accès en écriture        :  0
     Volume des accès en écriture            :          0.00 Mo.
     Nombre d'identificateurs utilisés       :  123
     Taille maximum du répertoire            :  300
     Pourcentage d'utilisation du répertoire :  41 %

Relecture des catalogues des éléments faite.

Fin de lecture (durée  0.215547  s.) 

                      Mémoire limite pour l'allocation dynamique : 4198.46 Mo                       
                         ajouté à l'initialisation du processus : 558.57 Mo                         
                               Limite cible du processus : 4757.02 Mo                               
                         Taille limite des fichiers d'échange : 2048.00 Go                          
/tmp/run_aster_a5rhhvuv/study.comm.changed.py:13: DeprecationWarning: This feature is obsolete, 'PAR_LOT' has been removed.
  DEBUT(PAR_LOT='NON');
# Mémoire (Mo) :   558.57 /   549.47 /   212.13 /   185.37 (VmPeak / VmSize / Optimum / Minimum)
# Fin commande #0001   user+syst:        0.12s (syst:        1.70s, elaps:        1.83s)
# ----------------------------------------------------------------------------------------------

.. _stg1_txt16
# ----------------------------------------------------------------------------------------------
# Commande #0002 de /tmp/run_aster_a5rhhvuv/study.comm.changed.py, ligne 16
MAIL0 = LIRE_MAILLAGE(FORMAT='ASTER',
                      INFO=1,
                      UNITE=20,
                      VERI_MAIL=_F(APLAT=0.001,
                                   VERIF='OUI'))

Vérification du maillage.


------------ MAILLAGE 00000001 - IMPRESSIONS NIVEAU  1 ------------

MA-30-JUIN-2026 09:44:30                                                        

NOMBRE DE NOEUDS                           3

NOMBRE DE MAILLES                          1
                              SEG3                    1

NOMBRE DE GROUPES DE NOEUDS                3

NOMBRE DE GROUPES DE MAILLES               3

--------------------------------------------------------------------------------

# Résultat commande #0002 (LIRE_MAILLAGE): MAIL0 ('<00000001>') de type <Mesh>
# Mémoire (Mo) :   558.57 /   550.11 /   212.13 /   185.37 (VmPeak / VmSize / Optimum / Minimum)
# Fin commande #0002   user+syst:        0.04s (syst:        0.00s, elaps:        0.04s)
# ----------------------------------------------------------------------------------------------

.. _stg1_txt22
# ----------------------------------------------------------------------------------------------
# Commande #0003 de /tmp/run_aster_a5rhhvuv/study.comm.changed.py, ligne 22
MODELE = AFFE_MODELE(AFFE=_F(GROUP_MA='AllPipes',
                             MODELISATION='TUYAU_3M',
                             PHENOMENE='MECANIQUE'),
                     DISTRIBUTION=_F(METHODE='SOUS_DOMAINE',
                                     PARTITIONNEUR='METIS'),
                     INFO=1,
                     MAILLAGE=MAIL0,
                     VERI_FORMULATION_IFS='OUI',
                     VERI_JACOBIEN='OUI',
                     VERI_NORM_IFS='OUI',
                     VERI_PLAN='OUI')

Sur les 1 mailles du maillage 00000001, on a demandé l'affectation de 1, on a pu en affecter 1.
Modélisation     Formulation      Type maille  Élément fini     Nombre
TUYAU_3M         _                SEG3         MET3SEG3         1
#2      Calculs elementaires et assemblages               CPU (USER+SYST/SYST/ELAPS):      0.01      0.00      0.00
# Résultat commande #0003 (AFFE_MODELE): MODELE ('<00000002>') de type <Model>
# Mémoire (Mo) :   679.05 /   679.05 /   212.13 /   200.08 (VmPeak / VmSize / Optimum / Minimum)
# Fin commande #0003   user+syst:        0.05s (syst:        0.00s, elaps:        0.05s)
# ----------------------------------------------------------------------------------------------

.. _stg1_txt34
# ----------------------------------------------------------------------------------------------
# Commande #0004 de /tmp/run_aster_a5rhhvuv/study.comm.changed.py, ligne 34
MAT_STEEL = DEFI_MATERIAU(ELAS=_F(ALPHA=1.2e-05,
                                  B_ENDOGE=0.0,
                                  COEF_AMOR=1.0,
                                  E=200000000000.0,
                                  K_DESSIC=0.0,
                                  NU=0.3,
                                  RHO=7850.0),
                          INFO=1)

# Résultat commande #0004 (DEFI_MATERIAU): MAT_STEEL ('<00000003>') de type <Material>
# Mémoire (Mo) :   679.05 /   679.05 /   212.13 /   200.08 (VmPeak / VmSize / Optimum / Minimum)
# Fin commande #0004   user+syst:        0.44s (syst:        0.05s, elaps:        0.49s)
# ----------------------------------------------------------------------------------------------

.. _stg1_txt44
# ----------------------------------------------------------------------------------------------
# Commande #0005 de /tmp/run_aster_a5rhhvuv/study.comm.changed.py, ligne 44
CHMAT = AFFE_MATERIAU(AFFE=_F(MATER=MAT_STEEL,
                              TOUT='OUI'),
                      INFO=1,
                      MAILLAGE=MAIL0)

# Résultat commande #0005 (AFFE_MATERIAU): CHMAT ('<00000004>') de type <MaterialField>
# Mémoire (Mo) :   679.05 /   679.05 /   212.13 /   200.08 (VmPeak / VmSize / Optimum / Minimum)
# Fin commande #0005   user+syst:        0.40s (syst:        0.01s, elaps:        0.40s)
# ----------------------------------------------------------------------------------------------

.. _stg1_txt55
# ----------------------------------------------------------------------------------------------
# Commande #0006 de /tmp/run_aster_a5rhhvuv/study.comm.changed.py, ligne 55
CARA = AFFE_CARA_ELEM(INFO=1,
                      MODELE=MODELE,
                      ORIENTATION=_F(CARA='GENE_TUYAU',
                                     CRITERE='RELATIF',
                                     GROUP_NO='PipeOrientationNodes',
                                     PRECISION=0.0001,
                                     VALE=(0.0, 0.0, 1.0)),
                      POUTRE=_F(CARA=('R', 'EP'),
                                GROUP_MA='SEC_PipeSec',
                                MODI_METRIQUE='NON',
                                SECTION='CERCLE',
                                TUYAU_NCOU=3,
                                TUYAU_NSEC=16,
                                VALE=(0.05, 0.01),
                                VARI_SECT='CONSTANT'))


     LE MODELE 00000002 CONTIENT : 
                                        1 ELEMENT(S) POUTRE          
   NOMBRE TOTAL D ELEMENTS TUYAU DROITS       1
   NOMBRE TOTAL D ELEMENTS TUYAU COUDES       0
#2      Calculs elementaires et assemblages               CPU (USER+SYST/SYST/ELAPS):      0.00      0.00      0.00
# Résultat commande #0006 (AFFE_CARA_ELEM): CARA ('<00000005>') de type <ElementaryCharacteristics>
# Dépend de :
# - MODELE ('<00000002>') de type <Model>
# Mémoire (Mo) :   679.18 /   679.18 /   212.13 /   200.17 (VmPeak / VmSize / Optimum / Minimum)
# Fin commande #0006   user+syst:        0.06s (syst:        0.00s, elaps:        0.07s)
# ----------------------------------------------------------------------------------------------

.. _stg1_txt75
# ----------------------------------------------------------------------------------------------
# Commande #0007 de /tmp/run_aster_a5rhhvuv/study.comm.changed.py, ligne 75
BC_0 = AFFE_CHAR_MECA(DDL_IMPO=_F(BLOCAGE=('DEPLACEMENT', 'ROTATION'),
                                  GROUP_NO='GN_N0'),
                      DOUBLE_LAGRANGE='OUI',
                      INFO=1,
                      MODELE=MODELE,
                      SYNTAXE='NON',
                      VERI_AFFE='OUI',
                      VERI_NORM='OUI')

# Résultat commande #0007 (AFFE_CHAR_MECA): BC_0 ('<00000006>') de type <MechanicalLoadReal>
# Mémoire (Mo) :   679.33 /   679.18 /   212.13 /   200.17 (VmPeak / VmSize / Optimum / Minimum)
# Fin commande #0007   user+syst:        0.02s (syst:        0.01s, elaps:        0.03s)
# ----------------------------------------------------------------------------------------------

.. _stg1_txt84
# ----------------------------------------------------------------------------------------------
# Commande #0008 de /tmp/run_aster_a5rhhvuv/study.comm.changed.py, ligne 84
GRAVITY = AFFE_CHAR_MECA(DOUBLE_LAGRANGE='OUI',
                         INFO=1,
                         MODELE=MODELE,
                         PESANTEUR=_F(DIRECTION=(0.0, -1.0, 0.0),
                                      GRAVITE=9.81),
                         SYNTAXE='NON',
                         VERI_AFFE='OUI',
                         VERI_NORM='OUI')

# Résultat commande #0008 (AFFE_CHAR_MECA): GRAVITY ('<00000007>') de type <MechanicalLoadReal>
# Mémoire (Mo) :   679.33 /   679.18 /   212.13 /   200.17 (VmPeak / VmSize / Optimum / Minimum)
# Fin commande #0008   user+syst:        0.02s (syst:        0.00s, elaps:        0.02s)
# ----------------------------------------------------------------------------------------------

.. _stg1_txt93
# ----------------------------------------------------------------------------------------------
# Commande #0009 de /tmp/run_aster_a5rhhvuv/study.comm.changed.py, ligne 93
PRESSURE = AFFE_CHAR_MECA(DOUBLE_LAGRANGE='OUI',
                          FORCE_TUYAU=_F(GROUP_MA='AllPipes',
                                         PRES=1000000.0),
                          INFO=1,
                          MODELE=MODELE,
                          SYNTAXE='NON',
                          VERI_AFFE='OUI',
                          VERI_NORM='OUI')

# Résultat commande #0009 (AFFE_CHAR_MECA): PRESSURE ('<00000008>') de type <MechanicalLoadReal>
# Mémoire (Mo) :   679.33 /   679.18 /   212.13 /   200.17 (VmPeak / VmSize / Optimum / Minimum)
# Fin commande #0009   user+syst:        0.04s (syst:        0.00s, elaps:        0.04s)
# ----------------------------------------------------------------------------------------------

.. _stg1_txt102
# ----------------------------------------------------------------------------------------------
# Commande #0010 de /tmp/run_aster_a5rhhvuv/study.comm.changed.py, ligne 102
T_FUNC = DEFI_CONSTANTE(NOM_RESU='TOUTRESU',
                        VALE=1.0)

# Résultat commande #0010 (DEFI_CONSTANTE): T_FUNC ('<00000009>') de type <Function>
# Mémoire (Mo) :   679.33 /   679.18 /   212.13 /   200.17 (VmPeak / VmSize / Optimum / Minimum)
# Fin commande #0010   user+syst:        0.00s (syst:        0.01s, elaps:        0.02s)
# ----------------------------------------------------------------------------------------------

.. _stg1_txt104
# ----------------------------------------------------------------------------------------------
# Commande #0011 de /tmp/run_aster_a5rhhvuv/study.comm.changed.py, ligne 104
TEMP_FIELD = CREA_CHAMP(AFFE=_F(NOM_CMP='TEMP',
                                TOUT='OUI',
                                VALE=120.0),
                        INFO=1,
                        MAILLAGE=MAIL0,
                        OPERATION='AFFE',
                        TYPE_CHAM='NOEU_TEMP_R')

# Résultat commande #0011 (CREA_CHAMP): TEMP_FIELD ('<0000000a>') de type <FieldOnNodesReal>
# Mémoire (Mo) :   679.33 /   679.30 /   212.13 /   200.17 (VmPeak / VmSize / Optimum / Minimum)
# Fin commande #0011   user+syst:        0.04s (syst:        0.01s, elaps:        0.04s)
# ----------------------------------------------------------------------------------------------

.. _stg1_txt115
# ----------------------------------------------------------------------------------------------
# Commande #0012 de /tmp/run_aster_a5rhhvuv/study.comm.changed.py, ligne 115
CHMAT = AFFE_MATERIAU(AFFE=_F(MATER=MAT_STEEL,
                              TOUT='OUI'),
                      AFFE_VARC=_F(CHAM_GD=TEMP_FIELD,
                                   NOM_VARC='TEMP',
                                   TOUT='OUI',
                                   VALE_REF=20.0),
                      INFO=1,
                      MAILLAGE=MAIL0)

# Résultat commande #0012 (AFFE_MATERIAU): CHMAT ('<0000000b>') de type <MaterialField>
# Mémoire (Mo) :   679.43 /   679.43 /   212.13 /   200.17 (VmPeak / VmSize / Optimum / Minimum)
# Fin commande #0012   user+syst:        0.35s (syst:        0.03s, elaps:        0.39s)
# ----------------------------------------------------------------------------------------------

.. _stg1_txt132
# ----------------------------------------------------------------------------------------------
# Commande #0013 de /tmp/run_aster_a5rhhvuv/study.comm.changed.py, ligne 132
RESU = MECA_STATIQUE(CARA_ELEM=CARA,
                     CHAM_MATER=CHMAT,
                     EXCIT=(_F(CHARGE=BC_0,
                               TYPE_CHARGE='FIXE_CSTE'),
                            _F(CHARGE=GRAVITY,
                               TYPE_CHARGE='FIXE_CSTE'),
                            _F(CHARGE=PRESSURE,
                               TYPE_CHARGE='FIXE_CSTE')),
                     INFO=1,
                     INST=0.0,
                     MODELE=MODELE,
                     OPTION='SIEF_ELGA',
                     SOLVEUR=_F(ACCELERATION='AUTO',
                                ELIM_LAGR='LAGR2',
                                GESTION_MEMOIRE='AUTO',
                                LOW_RANK_SEUIL=0.0,
                                MATR_DISTRIBUEE='NON',
                                METHODE='MUMPS',
                                NB_RHS=1,
                                NPREC=8,
                                PCENT_PIVOT=35,
                                POSTTRAITEMENTS='AUTO',
                                PRETRAITEMENTS='AUTO',
                                REDUCTION_MPI=0,
                                RENUM='AUTO',
                                RESI_RELA=1e-06,
                                STOP_SINGULIER='OUI',
                                TYPE_RESOL='AUTO'))

Le système linéaire à résoudre a 75 degrés de liberté:
   - 63 sont des degrés de liberté physiques
     (ils sont portés par 3 noeuds du maillage)
   - 12 sont les couples de paramètres de Lagrange associés
     aux 6 relations linéaires dualisées.
La matrice est de taille 75 équations.
  Elle contient 2286 termes non nuls si elle est symétrique et 4497 termes non nuls si elle n'est
pas symétrique.
  Soit un taux de remplissage de  79.947 %.
 CELD: TEMP                        0
Champ stocké <DEPL> à l'instant  0.000000000000e+00 pour le numéro d'ordre 1
Champ stocké <SIEF_ELGA> à l'instant  0.000000000000e+00 pour le numéro d'ordre 1
# Résultat commande #0013 (MECA_STATIQUE): RESU ('<0000000c>') de type <ElasticResult>
# Mémoire (Mo) :   684.22 /   680.70 /   212.13 /   200.27 (VmPeak / VmSize / Optimum / Minimum)
# Fin commande #0013   user+syst:        0.75s (syst:        0.07s, elaps:        0.81s)
# ----------------------------------------------------------------------------------------------

.. _stg1_txt183
# ----------------------------------------------------------------------------------------------
# Commande #0014 de /home/jan/miniforge3/envs/tuba-code-aster/lib/python3
14/site-packages/code_aster/Supervis/ExecuteCommand.py, ligne 183
CALC_CHAMP(CONTRAINTE=('EFGE_ELNO', 'SIEQ_ELNO'),
           CRITERE='RELATIF',
           FORCE='FORC_NODA',
           INFO=1,
           PARALLELISME_TEMPS='NON',
           PRECISION=1e-06,
           RESULTAT=RESU,
           reuse=RESU)


 ╔════════════════════════════════════════════════════════════════════════════════════════════════╗
 ║ <EXCEPTION> <SUPERVIS_4>                                                                       ║
 ║                                                                                                ║
 ║ Erreur de syntaxe dans CALC_CHAMP                                                              ║
 ║                                                                                                ║
 ║ For keyword CONTRAINTE: Unexpected value: 'SIEQ_ELNO', must be in ('EFGE_ELGA', 'EFGE_ELNO',   ║
 ║ 'EFGE_NOEU', 'EGRU_ELNO', 'SIEF_ELGA', 'SIEF_ELNO', 'SIEF_NOEU', 'SIGM_ELGA', 'SIGM_ELNO',     ║
 ║ 'SIGM_NOEU', 'SIMY_ELGA', 'SIPM_ELNO', 'SIPO_ELNO', 'SIPO_NOEU', 'SIRO_ELEM', 'STRX_ELGA')     ║
 ║                                                                                                ║
 ║ Exception détaillée ci-dessous.                                                                ║
 ╚════════════════════════════════════════════════════════════════════════════════════════════════╝

Traceback (most recent call last):
  File "/home/jan/miniforge3/envs/tuba-code-aster/lib/python3.14/site-packages/code_aster/Supervis/ExecuteCommand.py", line 459, in check_syntax
    checkCommandSyntax(self._cata, keywords, add_default=False, max_check=max_check)
    ~~~~~~~~~~~~~~~~~~^^^^^^^^^^^^^^^^^^^^^^^^^^^^^^^^^^^^^^^^^^^^^^^^^^^^^^^^^^^^^^
  File "/home/jan/miniforge3/envs/tuba-code-aster/lib/python3.14/site-packages/code_aster/Cata/Language/SyntaxChecker.py", line 482, in checkCommandSyntax
    command.accept(checker, keywords)
    ~~~~~~~~~~~~~~^^^^^^^^^^^^^^^^^^^
  File "/home/jan/miniforge3/envs/tuba-code-aster/lib/python3.14/site-packages/code_aster/Cata/Language/SyntaxObjects.py", line 659, in accept
    visitor.visitCommand(self, syntax)
    ~~~~~~~~~~~~~~~~~~~~^^^^^^^^^^^^^^
  File "/home/jan/miniforge3/envs/tuba-code-aster/lib/python3.14/site-packages/code_aster/Cata/Language/SyntaxChecker.py", line 199, in visitCommand
    self._visitComposite(step, userDict)
    ~~~~~~~~~~~~~~~~~~~~^^^^^^^^^^^^^^^^
  File "/home/jan/miniforge3/envs/tuba-code-aster/lib/python3.14/site-packages/code_aster/Cata/Language/SyntaxChecker.py", line 453, in _visitComposite
    kwd.accept(self, value)
    ~~~~~~~~~~^^^^^^^^^^^^^
  File "/home/jan/miniforge3/envs/tuba-code-aster/lib/python3.14/site-packages/code_aster/Cata/Language/SyntaxObjects.py", line 515, in accept
    visitor.visitSimpleKeyword(self, syntax)
    ~~~~~~~~~~~~~~~~~~~~~~~~~~^^^^^^^^^^^^^^
  File "/home/jan/miniforge3/envs/tuba-code-aster/lib/python3.14/site-packages/code_aster/Cata/Language/SyntaxChecker.py", line 327, in visitSimpleKeyword
    self.error(
    ~~~~~~~~~~^
        ValueError,
        ^^^^^^^^^^^
    ...<2 lines>...
        ),
        ^^
    )
    ^
  File "/home/jan/miniforge3/envs/tuba-code-aster/lib/python3.14/site-packages/code_aster/Cata/Language/SyntaxChecker.py", line 179, in error
    raise CheckerError(orig, msg, self._stack)
code_aster.Cata.Language.SyntaxChecker.CheckerError: Unexpected value: 'SIEQ_ELNO', must be in ('EFGE_ELGA', 'EFGE_ELNO', 'EFGE_NOEU', 'EGRU_ELNO', 'SIEF_ELGA', 'SIEF_ELNO', 'SIEF_NOEU', 'SIGM_ELGA', 'SIGM_ELNO', 'SIGM_NOEU', 'SIMY_ELGA', 'SIPM_ELNO', 'SIPO_ELNO', 'SIPO_NOEU', 'SIRO_ELEM', 'STRX_ELGA')

During handling of the above exception, another exception occurred:

Traceback (most recent call last):
  File "/tmp/run_aster_a5rhhvuv/study.comm.changed.py", line 144, in <module>
    RESU = CALC_CHAMP(
        reuse=RESU,
    ...<2 lines>...
        FORCE='FORC_NODA',
    );
  File "/home/jan/miniforge3/envs/tuba-code-aster/lib/python3.14/site-packages/code_aster/Supervis/ExecuteCommand.py", line 183, in run
    return cmd.run_(**kwargs)
           ~~~~~~~~^^^^^^^^^^
  File "/home/jan/miniforge3/envs/tuba-code-aster/lib/python3.14/site-packages/code_aster/Supervis/ExecuteCommand.py", line 1084, in run_
    output = command._orig_run_(self, **kwargs)
  File "/home/jan/miniforge3/envs/tuba-code-aster/lib/python3.14/site-packages/code_aster/Supervis/ExecuteCommand.py", line 206, in run_
    self.check_syntax(keywords)
    ~~~~~~~~~~~~~~~~~^^^^^^^^^^
  File "/home/jan/miniforge3/envs/tuba-code-aster/lib/python3.14/site-packages/code_aster/Supervis/ExecuteCommand.py", line 475, in check_syntax
    UTMESS("F", "SUPERVIS_4", valk=(self.command_name, msg))
    ~~~~~~^^^^^^^^^^^^^^^^^^^^^^^^^^^^^^^^^^^^^^^^^^^^^^^^^^
  File "/home/jan/miniforge3/envs/tuba-code-aster/lib/python3.14/site-packages/code_aster/Messages/Utmess.py", line 706, in UTMESS
    MessageLog(
    ~~~~~~~~~~^
        code,
        ^^^^^
    ...<8 lines>...
        cc=cc,
        ^^^^^^
    )
    ^
  File "/home/jan/miniforge3/envs/tuba-code-aster/lib/python3.14/site-packages/code_aster/Messages/Utmess.py", line 134, in __call__
    self.print_message(*args, **kwargs)
    ~~~~~~~~~~~~~~~~~~^^^^^^^^^^^^^^^^^
  File "/home/jan/miniforge3/envs/tuba-code-aster/lib/python3.14/site-packages/code_aster/Messages/Utmess.py", line 209, in print_message
    raise libaster.AsterError(id0, valk, vali, valr)
libaster.AsterError: 
 ╔════════════════════════════════════════════════════════════════════════════════════════════════╗
 ║ <EXCEPTION> <SUPERVIS_4>                                                                       ║
 ║                                                                                                ║
 ║ Erreur de syntaxe dans CALC_CHAMP                                                              ║
 ║                                                                                                ║
 ║ For keyword CONTRAINTE: Unexpected value: 'SIEQ_ELNO', must be in ('EFGE_ELGA', 'EFGE_ELNO',   ║
 ║ 'EFGE_NOEU', 'EGRU_ELNO', 'SIEF_ELGA', 'SIEF_ELNO', 'SIEF_NOEU', 'SIGM_ELGA', 'SIGM_ELNO',     ║
 ║ 'SIGM_NOEU', 'SIMY_ELGA', 'SIPM_ELNO', 'SIPO_ELNO', 'SIPO_NOEU', 'SIRO_ELEM', 'STRX_ELGA')     ║
 ║                                                                                                ║
 ║ Exception détaillée ci-dessous.                                                                ║
 ╚════════════════════════════════════════════════════════════════════════════════════════════════╝

Traceback (most recent call last):
  File "/home/jan/miniforge3/envs/tuba-code-aster/lib/python3.14/site-packages/code_aster/Supervis/ExecuteCommand.py", line 459, in check_syntax
    checkCommandSyntax(self._cata, keywords, add_default=False, max_check=max_check)
    ~~~~~~~~~~~~~~~~~~^^^^^^^^^^^^^^^^^^^^^^^^^^^^^^^^^^^^^^^^^^^^^^^^^^^^^^^^^^^^^^
  File "/home/jan/miniforge3/envs/tuba-code-aster/lib/python3.14/site-packages/code_aster/Cata/Language/SyntaxChecker.py", line 482, in checkCommandSyntax
    command.accept(checker, keywords)
    ~~~~~~~~~~~~~~^^^^^^^^^^^^^^^^^^^
  File "/home/jan/miniforge3/envs/tuba-code-aster/lib/python3.14/site-packages/code_aster/Cata/Language/SyntaxObjects.py", line 659, in accept
    visitor.visitCommand(self, syntax)
    ~~~~~~~~~~~~~~~~~~~~^^^^^^^^^^^^^^
  File "/home/jan/miniforge3/envs/tuba-code-aster/lib/python3.14/site-packages/code_aster/Cata/Language/SyntaxChecker.py", line 199, in visitCommand
    self._visitComposite(step, userDict)
    ~~~~~~~~~~~~~~~~~~~~^^^^^^^^^^^^^^^^
  File "/home/jan/miniforge3/envs/tuba-code-aster/lib/python3.14/site-packages/code_aster/Cata/Language/SyntaxChecker.py", line 453, in _visitComposite
    kwd.accept(self, value)
    ~~~~~~~~~~^^^^^^^^^^^^^
  File "/home/jan/miniforge3/envs/tuba-code-aster/lib/python3.14/site-packages/code_aster/Cata/Language/SyntaxObjects.py", line 515, in accept
    visitor.visitSimpleKeyword(self, syntax)
    ~~~~~~~~~~~~~~~~~~~~~~~~~~^^^^^^^^^^^^^^
  File "/home/jan/miniforge3/envs/tuba-code-aster/lib/python3.14/site-packages/code_aster/Cata/Language/SyntaxChecker.py", line 327, in visitSimpleKeyword
    self.error(
    ~~~~~~~~~~^
        ValueError,
        ^^^^^^^^^^^
    ...<2 lines>...
        ),
        ^^
    )
    ^
  File "/home/jan/miniforge3/envs/tuba-code-aster/lib/python3.14/site-packages/code_aster/Cata/Language/SyntaxChecker.py", line 179, in error
    raise CheckerError(orig, msg, self._stack)
code_aster.Cata.Language.SyntaxChecker.CheckerError: Unexpected value: 'SIEQ_ELNO', must be in ('EFGE_ELGA', 'EFGE_ELNO', 'EFGE_NOEU', 'EGRU_ELNO', 'SIEF_ELGA', 'SIEF_ELNO', 'SIEF_NOEU', 'SIGM_ELGA', 'SIGM_ELNO', 'SIGM_NOEU', 'SIMY_ELGA', 'SIPM_ELNO', 'SIPO_ELNO', 'SIPO_NOEU', 'SIRO_ELEM', 'STRX_ELGA')

During handling of the above exception, another exception occurred:

Traceback (most recent call last):
  File "/tmp/run_aster_a5rhhvuv/study.comm.changed.py", line 144, in <module>
    RESU = CALC_CHAMP(
        reuse=RESU,
    ...<2 lines>...
        FORCE='FORC_NODA',
    );
  File "/home/jan/miniforge3/envs/tuba-code-aster/lib/python3.14/site-packages/code_aster/Supervis/ExecuteCommand.py", line 183, in run
    return cmd.run_(**kwargs)
           ~~~~~~~~^^^^^^^^^^
  File "/home/jan/miniforge3/envs/tuba-code-aster/lib/python3.14/site-packages/code_aster/Supervis/ExecuteCommand.py", line 1084, in run_
    output = command._orig_run_(self, **kwargs)
  File "/home/jan/miniforge3/envs/tuba-code-aster/lib/python3.14/site-packages/code_aster/Supervis/ExecuteCommand.py", line 206, in run_
    self.check_syntax(keywords)
    ~~~~~~~~~~~~~~~~~^^^^^^^^^^
  File "/home/jan/miniforge3/envs/tuba-code-aster/lib/python3.14/site-packages/code_aster/Supervis/ExecuteCommand.py", line 475, in check_syntax
    UTMESS("F", "SUPERVIS_4", valk=(self.command_name, msg))
    ~~~~~~^^^^^^^^^^^^^^^^^^^^^^^^^^^^^^^^^^^^^^^^^^^^^^^^^^
  File "/home/jan/miniforge3/envs/tuba-code-aster/lib/python3.14/site-packages/code_aster/Messages/Utmess.py", line 706, in UTMESS
    MessageLog(
    ~~~~~~~~~~^
        code,
        ^^^^^
    ...<8 lines>...
        cc=cc,
        ^^^^^^
    )
    ^
  File "/home/jan/miniforge3/envs/tuba-code-aster/lib/python3.14/site-packages/code_aster/Messages/Utmess.py", line 134, in __call__
    self.print_message(*args, **kwargs)
    ~~~~~~~~~~~~~~~~~~^^^^^^^^^^^^^^^^^
  File "/home/jan/miniforge3/envs/tuba-code-aster/lib/python3.14/site-packages/code_aster/Messages/Utmess.py", line 209, in print_message
    raise libaster.AsterError(id0, valk, vali, valr)
libaster.AsterError: 
 ╔════════════════════════════════════════════════════════════════════════════════════════════════╗
 ║ <EXCEPTION> <SUPERVIS_4>                                                                       ║
 ║                                                                                                ║
 ║ Erreur de syntaxe dans CALC_CHAMP                                                              ║
 ║                                                                                                ║
 ║ For keyword CONTRAINTE: Unexpected value: 'SIEQ_ELNO', must be in ('EFGE_ELGA', 'EFGE_ELNO',   ║
 ║ 'EFGE_NOEU', 'EGRU_ELNO', 'SIEF_ELGA', 'SIEF_ELNO', 'SIEF_NOEU', 'SIGM_ELGA', 'SIGM_ELNO',     ║
 ║ 'SIGM_NOEU', 'SIMY_ELGA', 'SIPM_ELNO', 'SIPO_ELNO', 'SIPO_NOEU', 'SIRO_ELEM', 'STRX_ELGA')     ║
 ║                                                                                                ║
 ║ Exception détaillée ci-dessous.                                                                ║
 ╚════════════════════════════════════════════════════════════════════════════════════════════════╝


.. _stg1_txt76
# ----------------------------------------------------------------------------------------------
# Commande #0015 de
/home/jan/miniforge3/envs/tuba-code-aster/lib/python3.14/site-packages/code_aster/CodeCommands/fin
py, ligne 76
FIN(INFO_RESU='NON',
    RETASSAGE='NON')


 ╔════════════════════════════════════════════════════════════════════════════════════════════════╗
 ║ <I> <CATAMESS_89>                                                                              ║
 ║                                                                                                ║
 ║ Liste des alarmes émises lors de l'exécution du calcul.                                        ║
 ║                                                                                                ║
 ║     Les alarmes que vous avez choisies d'ignorer sont précédées de (*).                        ║
 ║     Nombre d'occurrences pour chacune des alarmes :                                            ║
 ║            aucune alarme                                                                       ║
 ╚════════════════════════════════════════════════════════════════════════════════════════════════╝

  
 <I> <FIN> MEMOIRE JEVEUX MINIMALE REQUISE POUR L'EXECUTION :                     200.27 Mo
 <I> <FIN> MEMOIRE JEVEUX OPTIMALE REQUISE POUR L'EXECUTION :                     212.13 Mo
 <I> <FIN> MAXIMUM DE MEMOIRE UTILISEE PAR LE PROCESSUS LORS DE L'EXECUTION :     684.22 Mo
  
 <I>       FERMETURE DES BASES EFFECTUEE
  
   STATISTIQUES CONCERNANT L'ALLOCATION DYNAMIQUE :
     TAILLE CUMULEE MAXIMUM            :                  212  Mo.
     TAILLE CUMULEE LIBEREE            :                    2  Mo.
     NOMBRE TOTAL D'ALLOCATIONS        :                 8005
     NOMBRE TOTAL DE LIBERATIONS       :                 7416
     APPELS AU MECANISME DE LIBERATION :                    0
     TAILLE MEMOIRE CUMULEE RECUPEREE  :                    0  Mo.
     VOLUME DES LECTURES               :                    0  Mo.
     VOLUME DES ECRITURES              :                    0  Mo.
  
   MEMOIRE JEVEUX MINIMALE REQUISE POUR L'EXECUTION :     200.27 Mo
     - IMPOSE DE NOMBREUX ACCES DISQUE
     - RALENTIT LA VITESSE D'EXECUTION
   MEMOIRE JEVEUX OPTIMALE REQUISE POUR L'EXECUTION :     212.13 Mo
     - LIMITE LES ACCES DISQUE
     - AMELIORE LA VITESSE D'EXECUTION
   MAXIMUM DE MEMOIRE UTILISEE PAR LE PROCESSUS     :     684.22 Mo
     - COMPREND LA MEMOIRE CONSOMMEE PAR  JEVEUX, 
       LE SUPERVISEUR PYTHON, LES LIBRAIRIES EXTERNES
  
 <I>       FIN D'EXECUTION LE : MA-30-JUIN-2026 09:44:32
INFO './glob.1' deleted
Deleting './glob.2': No such file or directory
INFO './vola.1' deleted
Deleting './vola.2': No such file or directory

 ********************************************************************************
 * COMMAND                  :       USER :     SYSTEM :   USER+SYS :    ELAPSED *
 ********************************************************************************
 * DEBUT                    :       0.12 :       1.70 :       1.82 :       1.83 *
 * LIRE_MAILLAGE            :       0.04 :       0.00 :       0.04 :       0.04 *
 * AFFE_MODELE              :       0.05 :       0.00 :       0.05 :       0.05 *
 * DEFI_MATERIAU            :       0.44 :       0.05 :       0.49 :       0.49 *
 * AFFE_MATERIAU            :       0.40 :       0.01 :       0.41 :       0.40 *
 * AFFE_CARA_ELEM           :       0.06 :       0.00 :       0.06 :       0.07 *
 * AFFE_CHAR_MECA           :       0.02 :       0.01 :       0.03 :       0.03 *
 * AFFE_CHAR_MECA           :       0.02 :       0.00 :       0.02 :       0.02 *
 * AFFE_CHAR_MECA           :       0.04 :       0.00 :       0.04 :       0.04 *
 * DEFI_CONSTANTE           :       0.00 :       0.01 :       0.01 :       0.02 *
 * CREA_CHAMP               :       0.04 :       0.01 :       0.05 :       0.04 *
 * AFFE_MATERIAU            :       0.35 :       0.03 :       0.38 :       0.39 *
 * MECA_STATIQUE            :       0.75 :       0.07 :       0.82 :       0.81 *
 * CALC_CHAMP               :       0.40 :       0.02 :       0.42 :       0.42 *
 * FIN                      :       0.00 :       0.01 :       0.01 :       0.01 *
 *  . sdveri                :       0.00 :       0.00 :       0.00 :       0.00 *
 *  . check syntax          :       0.11 :       0.02 :       0.13 :       0.13 *
 *  . fortran               :       0.24 :       1.70 :       1.94 :       1.94 *
 *  . cleanup               :       1.36 :       0.08 :       1.44 :       1.42 *
 ********************************************************************************
 * TOTAL_JOB                :       2.84 :       1.92 :       4.76 :       4.96 *
 ********************************************************************************

# Mémoire (Mo) :   684.22 /   680.70 /   212.13 /   200.27 (VmPeak / VmSize / Optimum / Minimum)
# Fin commande #0015   user+syst:        0.00s (syst:        0.01s, elaps:        0.01s)
# ----------------------------------------------------------------------------------------------

EXECUTION_CODE_ASTER_EXIT_1053=1


execution ended (command file #1): <S>_ERROR

# ------------------------------------------------------------------------------
Content of /tmp/run_aster_a5rhhvuv after execution:
.:
total 68
-rw-r--r-- 1 jan jan   795 Jun 30 09:44 1053.export
drwxr-xr-x 2 jan jan  4096 Jun 30 09:44 REPE_IN
drwxr-xr-x 2 jan jan  4096 Jun 30 09:44 REPE_OUT
-rw-r--r-- 1 jan jan   301 Jun 30 09:44 fort.15
-rwxrwxrwx 1 jan jan   523 Jun 30 09:44 fort.20
-rw-r--r-- 1 jan jan 37744 Jun 30 09:44 fort.6
-rw-r--r-- 1 jan jan     0 Jun 30 09:44 fort.8
-rw-r--r-- 1 jan jan     0 Jun 30 09:44 fort.9
-rw-r--r-- 1 jan jan  4410 Jun 30 09:44 study.comm.changed.py

REPE_OUT:
total 0


# ------------------------------------------------------------------------------
Copying results
copying 'fort.6' to '/mnt/d/Gitprojects/Tuba_v4/code_aster_smoke_debug/study.mess'...
copying 'fort.8' to '/mnt/d/Gitprojects/Tuba_v4/code_aster_smoke_debug/study.resu'...
WARNING: file not found: fort.80
WARNING: file not found: fort.38
WARNING: file not found: fort.39
WARNING: file not found: fort.40
WARNING: file not found: fort.41

# ------------------------------------------------------------------------------
Execution summary
                                      cpu     system    cpu+sys    elapsed
--------------------------------------------------------------------------------
Preparation of environment           0.00       0.01       0.01       0.01
Execution of code_aster              7.64       3.94      11.58      11.95
Copying results                      0.00       0.03       0.03       0.21
--------------------------------------------------------------------------------
Total                                7.64       3.98      11.62      12.17
--------------------------------------------------------------------------------

------------------------------------------------------------
--- DIAGNOSTIC JOB : <S>_ERROR
------------------------------------------------------------

